[finbiz-nextjs.netlify.app/index04b9.html]
[finbiz-nextjs.netlify.app/assets/images/logo/logo-1.svg]
[finbiz-nextjs.netlify.app/assets/images/icon/menu.png]
[finbiz-nextjs.netlify.app/assets/images/icon/menu-light.png]
[finbiz-nextjs.netlify.app/assets/images/logo/logo-4.svg]
[finbiz-nextjs.netlify.app/assets/images/logo/logo-3.svg]
[finbiz-nextjs.netlify.app/assets/images/logo/logo-5.svg]
[finbiz-nextjs.netlify.app/assets/images/banner/shape/01.png]
[finbiz-nextjs.netlify.app/assets/images/banner/shape/02.png]
[finbiz-nextjs.netlify.app/assets/images/banner/shape/03.png]
[finbiz-nextjs.netlify.app/assets/images/about/sm-01.png]
[finbiz-nextjs.netlify.app/_next/static/css/1de645ff4b070368.css]
[finbiz-nextjs.netlify.app/_next/static/css/25ef7637e285c945.css]
[finbiz-nextjs.netlify.app/_next/static/css/41e941f9c7c3d03a.css]
[finbiz-nextjs.netlify.app/_next/static/css/81e52bb95a003886.css]
[finbiz-nextjs.netlify.app/_next/static/css/88d35cb6dcd720fb.css]
[finbiz-nextjs.netlify.app/_next/static/css/42e27f7b44c03b3d.css]
[finbiz-nextjs.netlify.app/_next/static/chunks/webpack-9f0c6e9b127c72e6.js]
[finbiz-nextjs.netlify.app/_next/static/chunks/4bd1b696-50748632c48a9c43.js]
[finbiz-nextjs.netlify.app/_next/static/chunks/1684-bcbb63cd02ae8fc2.js]
[finbiz-nextjs.netlify.app/_next/static/chunks/main-app-48b214b0b71f7ffd.js]
[finbiz-nextjs.netlify.app/_next/static/chunks/6874-4b6647df205b2997.js]
[finbiz-nextjs.netlify.app/_next/static/chunks/45-19b53d855e72c9a2.js]
[finbiz-nextjs.netlify.app/_next/static/chunks/8016-688134f6e045a6db.js]
[finbiz-nextjs.netlify.app/_next/static/chunks/1130-5d7ef87ca32751b7.js]
[finbiz-nextjs.netlify.app/_next/static/chunks/9165-f865b1d2e61fc2af.js]
[finbiz-nextjs.netlify.app/_next/static/chunks/544-5f2ba7bf89aed22b.js]
[finbiz-nextjs.netlify.app/_next/static/chunks/app/page-bf69c9834886e416.js]
[finbiz-nextjs.netlify.app/assets/images/about/call.svg]
[finbiz-nextjs.netlify.app/assets/images/about/main/about-01.png]
[finbiz-nextjs.netlify.app/assets/images/about/main/about-02.png]
[finbiz-nextjs.netlify.app/assets/images/service/icon/01.svg]
[finbiz-nextjs.netlify.app/assets/images/service/icon/02.svg]
[finbiz-nextjs.netlify.app/assets/images/service/icon/03.svg]
[finbiz-nextjs.netlify.app/assets/images/service/icon/04.svg]
[finbiz-nextjs.netlify.app/assets/images/service/icon/05.svg]
[finbiz-nextjs.netlify.app/assets/images/service/icon/06.svg]
[finbiz-nextjs.netlify.app/assets/images/business-goal/01.jpg]
[finbiz-nextjs.netlify.app/assets/images/business-goal/sm-01.jpg]
[finbiz-nextjs.netlify.app/assets/images/business-goal/icon/01.svg]
[finbiz-nextjs.netlify.app/assets/images/business-goal/icon/02.svg]
[finbiz-nextjs.netlify.app/assets/images/counterup/icon/01.svg]
[finbiz-nextjs.netlify.app/assets/images/counterup/icon/02.svg]
[finbiz-nextjs.netlify.app/assets/images/counterup/icon/03.svg]
[finbiz-nextjs.netlify.app/assets/images/counterup/icon/04.svg]
[finbiz-nextjs.netlify.app/assets/images/gallery/gallery-01.jpg]
[finbiz-nextjs.netlify.app/assets/images/gallery/icon/01.svg]
[finbiz-nextjs.netlify.app/assets/images/gallery/gallery-02.jpg]
[finbiz-nextjs.netlify.app/assets/images/gallery/gallery-03.jpg]
[finbiz-nextjs.netlify.app/assets/images/client/01.png]
[finbiz-nextjs.netlify.app/assets/images/client/02.png]
[finbiz-nextjs.netlify.app/assets/images/client/03.png]
[finbiz-nextjs.netlify.app/assets/images/client/04.png]
[finbiz-nextjs.netlify.app/assets/images/client/05.png]
[finbiz-nextjs.netlify.app/assets/images/client/06.png]
[finbiz-nextjs.netlify.app/assets/images/team/tm/01.jpg]
[finbiz-nextjs.netlify.app/assets/images/team/tm/02.jpg]
[finbiz-nextjs.netlify.app/assets/images/team/tm/03.jpg]
[finbiz-nextjs.netlify.app/assets/images/team/tm/04.jpg]
[finbiz-nextjs.netlify.app/assets/images/feature/01.png]
[finbiz-nextjs.netlify.app/assets/images/testimonials/02.png]
[finbiz-nextjs.netlify.app/assets/images/testimonials/01.png]
[finbiz-nextjs.netlify.app/assets/images/blog/02.jpg]
[finbiz-nextjs.netlify.app/assets/images/blog/03.jpg]
[finbiz-nextjs.netlify.app/assets/images/blog/04.jpg]
[finbiz-nextjs.netlify.app/assets/images/contact/01.jpg]
[finbiz-nextjs.netlify.app/assets/images/footer/under-title.png]
[finbiz-nextjs.netlify.app/assets/images/footer/post/01.png]
[finbiz-nextjs.netlify.app/assets/images/footer/post/02.png]
[backblue.gif]
[fade.gif]
[index.html]
[finbiz-nextjs.netlify.app/assets/images/fav.png]
[finbiz-nextjs.netlify.app/_next/static/chunks/polyfills-42372ed130431b0a.js]
[finbiz-nextjs.netlify.app/about-us.html]
[finbiz-nextjs.netlify.app/blog-list.html]
[finbiz-nextjs.netlify.app/contactus.html]
[finbiz-nextjs.netlify.app/index.html]
[finbiz-nextjs.netlify.app/home-two.html]
[finbiz-nextjs.netlify.app/home-three.html]
[finbiz-nextjs.netlify.app/home-four.html]
[finbiz-nextjs.netlify.app/home-five.html]
[finbiz-nextjs.netlify.app/home-six.html]
[finbiz-nextjs.netlify.app/home-seven.html]
[finbiz-nextjs.netlify.app/home-eight.html]
[finbiz-nextjs.netlify.app/home-nine.html]
[finbiz-nextjs.netlify.app/home-ten.html]
[finbiz-nextjs.netlify.app/onepage-one.html]
[finbiz-nextjs.netlify.app/onepage-two.html]
[finbiz-nextjs.netlify.app/onepage-three.html]
[finbiz-nextjs.netlify.app/onepage-four.html]
[finbiz-nextjs.netlify.app/onepage-five.html]
[finbiz-nextjs.netlify.app/onepage-six.html]
[finbiz-nextjs.netlify.app/onepage-seven.html]
[finbiz-nextjs.netlify.app/onepage-eight.html]
[finbiz-nextjs.netlify.app/onepage-nine.html]
[finbiz-nextjs.netlify.app/onepage-ten.html]
[finbiz-nextjs.netlify.app/our-service.html]
[finbiz-nextjs.netlify.app/service-2.html]
[finbiz-nextjs.netlify.app/service-3.html]
[finbiz-nextjs.netlify.app/service-details.html]
[finbiz-nextjs.netlify.app/appoinment.html]
[finbiz-nextjs.netlify.app/pricing-plane.html]
[finbiz-nextjs.netlify.app/testimonial-style-1.html]
[finbiz-nextjs.netlify.app/404.63.delayed]
[finbiz-nextjs.netlify.app/project.html]
[finbiz-nextjs.netlify.app/portfolio-style-2.html]
[finbiz-nextjs.netlify.app/portfolio-style-3.html]
[finbiz-nextjs.netlify.app/portfolio-style-4.html]
[finbiz-nextjs.netlify.app/portfolio-style-5.html]
[finbiz-nextjs.netlify.app/project-details.html]
[finbiz-nextjs.netlify.app/team.html]
[finbiz-nextjs.netlify.app/team-style-3.html]
[finbiz-nextjs.netlify.app/team-style-4.html]
[finbiz-nextjs.netlify.app/team-style-5.html]
[finbiz-nextjs.netlify.app/team-details.html]
[finbiz-nextjs.netlify.app/blog-grid.html]
[finbiz-nextjs.netlify.app/blog-details-default.html]
[finbiz-nextjs.netlify.app/team-details.72.delayed]
[finbiz-nextjs.netlify.app/appoinment.73.delayed]
[finbiz-nextjs.netlify.app/project/Business-solution.html]
[finbiz-nextjs.netlify.app/project/Invent-Workd.html]
[finbiz-nextjs.netlify.app/project/Modern-Solution-technology.html]
[finbiz-nextjs.netlify.app/blog-grid/18.html]
[finbiz-nextjs.netlify.app/blog-grid/19.html]
[finbiz-nextjs.netlify.app/blog-grid/20.html]
[finbiz-nextjs.netlify.app/index04b9.html]
[finbiz-nextjs.netlify.app/assets/images/logo/logo-1.svg]
[finbiz-nextjs.netlify.app/assets/images/logo/logo-4.svg]
[finbiz-nextjs.netlify.app/assets/images/logo/logo-3.svg]
[finbiz-nextjs.netlify.app/assets/images/logo/logo-5.svg]
[finbiz-nextjs.netlify.app/_next/static/css/1de645ff4b070368.css]
[finbiz-nextjs.netlify.app/blog-grid/21.html]
[finbiz-nextjs.netlify.app/_next/static/media/fa-brands-400.c02b33fd.eot]
[finbiz-nextjs.netlify.app/_next/static/media/fa-brands-400.c02b33fdd41d.eot]
[finbiz-nextjs.netlify.app/_next/static/media/fa-brands-400.8f54c8c4.woff2]
[finbiz-nextjs.netlify.app/_next/static/media/fa-brands-400.a2e6bdd1.woff]
[finbiz-nextjs.netlify.app/_next/static/media/fa-brands-400.fe05ec1c.ttf]
[finbiz-nextjs.netlify.app/_next/static/media/fa-brands-400.84a57a9c.svg]
[finbiz-nextjs.netlify.app/_next/static/media/fa-duotone-900.371c70d7.eot]
[finbiz-nextjs.netlify.app/_next/static/media/fa-duotone-900.371c70d7d41d.eot]
[finbiz-nextjs.netlify.app/_next/static/media/fa-duotone-900.e38a0e3d.woff2]
[finbiz-nextjs.netlify.app/_next/static/media/fa-duotone-900.9c97dd06.woff]
[finbiz-nextjs.netlify.app/_next/static/media/fa-duotone-900.bcfb956b.ttf]
[finbiz-nextjs.netlify.app/_next/static/media/fa-duotone-900.cce78d4b.svg]
[finbiz-nextjs.netlify.app/_next/static/media/fa-light-300.a01085e3.eot]
[finbiz-nextjs.netlify.app/_next/static/media/fa-light-300.a01085e3d41d.eot]
[finbiz-nextjs.netlify.app/_next/static/media/fa-light-300.b4ace376.woff2]
[finbiz-nextjs.netlify.app/_next/static/media/fa-light-300.73881ea4.woff]
[finbiz-nextjs.netlify.app/_next/static/media/fa-light-300.9adf96f3.ttf]
[finbiz-nextjs.netlify.app/_next/static/media/fa-light-300.1c6d9dfc.svg]
[finbiz-nextjs.netlify.app/_next/static/media/fa-regular-400.62c83a19.eot]
[finbiz-nextjs.netlify.app/_next/static/media/fa-regular-400.62c83a19d41d.eot]
[finbiz-nextjs.netlify.app/_next/static/media/fa-regular-400.0a8c53b0.woff2]
[finbiz-nextjs.netlify.app/_next/static/media/fa-regular-400.611e7540.woff]
[finbiz-nextjs.netlify.app/_next/static/media/fa-regular-400.98fc032e.ttf]
[finbiz-nextjs.netlify.app/_next/static/media/fa-solid-900.ccd8267b.eot]
[finbiz-nextjs.netlify.app/_next/static/media/fa-regular-400.0f57e6a5.svg]
[finbiz-nextjs.netlify.app/_next/static/media/fa-solid-900.ccd8267bd41d.eot]
[finbiz-nextjs.netlify.app/_next/static/media/fa-solid-900.c0c422a1.woff2]
[finbiz-nextjs.netlify.app/_next/static/media/fa-solid-900.5af55f58.woff]
[finbiz-nextjs.netlify.app/_next/static/media/fa-solid-900.4b1201bf.ttf]
[finbiz-nextjs.netlify.app/_next/static/css/25ef7637e285c945.css]
[finbiz-nextjs.netlify.app/_next/static/css/41e941f9c7c3d03a.css]
[finbiz-nextjs.netlify.app/_next/static/css/81e52bb95a003886.css]
[finbiz-nextjs.netlify.app/_next/static/media/fa-solid-900.6df92e6e.svg]
[finbiz-nextjs.netlify.app/assets/images/bg/bg-image-1.99.delayed]
[finbiz-nextjs.netlify.app/assets/images/bg/bg-image-2.9a.delayed]
[finbiz-nextjs.netlify.app/assets/images/bg/bg-image-3.9b.delayed]
[finbiz-nextjs.netlify.app/assets/images/bg/bg-image-4.9c.delayed]
[finbiz-nextjs.netlify.app/assets/images/bg/bg-image-5.9d.delayed]
[finbiz-nextjs.netlify.app/assets/images/bg/bg-image-6.9e.delayed]
[finbiz-nextjs.netlify.app/assets/images/bg/bg-image-7.9f.delayed]
[finbiz-nextjs.netlify.app/assets/images/bg/bg-image-8.a0.delayed]
[finbiz-nextjs.netlify.app/assets/images/bg/bg-image-9.a1.delayed]
[finbiz-nextjs.netlify.app/assets/images/bg/bg-image-10.a2.delayed]
[finbiz-nextjs.netlify.app/assets/images/bg/bg-image-11.a3.delayed]
[finbiz-nextjs.netlify.app/assets/images/bg/bg-image-12.a4.delayed]
[finbiz-nextjs.netlify.app/assets/images/bg/bg-image-13.a5.delayed]
[finbiz-nextjs.netlify.app/assets/images/bg/bg-image-14.a6.delayed]
[finbiz-nextjs.netlify.app/assets/images/bg/bg-image-15.a7.delayed]
[finbiz-nextjs.netlify.app/assets/images/bg/bg-image-16.a8.delayed]
[finbiz-nextjs.netlify.app/assets/images/bg/bg-image-17.a9.delayed]
[finbiz-nextjs.netlify.app/assets/images/bg/bg-image-18.aa.delayed]
[finbiz-nextjs.netlify.app/assets/images/bg/bg-image-19.ab.delayed]
[finbiz-nextjs.netlify.app/assets/images/bg/bg-image-20.ac.delayed]
[finbiz-nextjs.netlify.app/assets/images/bg/bg-image-21.ad.delayed]
[finbiz-nextjs.netlify.app/assets/images/bg/bg-image-22.ae.delayed]
[finbiz-nextjs.netlify.app/assets/images/bg/bg-image-23.af.delayed]
[finbiz-nextjs.netlify.app/assets/images/bg/bg-image-24.b0.delayed]
[finbiz-nextjs.netlify.app/assets/images/bg/bg-image-25.b1.delayed]
[finbiz-nextjs.netlify.app/assets/images/bg/bg-image-26.b2.delayed]
[finbiz-nextjs.netlify.app/assets/images/bg/bg-image-27.b3.delayed]
[finbiz-nextjs.netlify.app/assets/images/bg/bg-image-28.b4.delayed]
[finbiz-nextjs.netlify.app/assets/images/bg/bg-image-29.b5.delayed]
[finbiz-nextjs.netlify.app/assets/images/bg/bg-image-30.b6.delayed]
[finbiz-nextjs.netlify.app/assets/images/bg/bg-image-31.b7.delayed]
[finbiz-nextjs.netlify.app/assets/images/bg/bg-image-32.b8.delayed]
[finbiz-nextjs.netlify.app/assets/images/bg/bg-image-33.b9.delayed]
[finbiz-nextjs.netlify.app/assets/images/bg/bg-image-34.ba.delayed]
[finbiz-nextjs.netlify.app/assets/images/bg/bg-image-35.bb.delayed]
[finbiz-nextjs.netlify.app/assets/images/bg/bg-image-36.bc.delayed]
[finbiz-nextjs.netlify.app/assets/images/bg/bg-image-37.bd.delayed]
[finbiz-nextjs.netlify.app/assets/images/bg/bg-image-38.be.delayed]
[finbiz-nextjs.netlify.app/assets/images/bg/bg-image-39.bf.delayed]
[finbiz-nextjs.netlify.app/assets/images/bg/bg-image-40.c0.delayed]
[finbiz-nextjs.netlify.app/assets/images/bg/bg-image-1.c1.delayed]
[finbiz-nextjs.netlify.app/assets/images/bg/bg-image-2.c2.delayed]
[finbiz-nextjs.netlify.app/assets/images/bg/bg-image-3.c3.delayed]
[finbiz-nextjs.netlify.app/assets/images/bg/bg-image-4.c4.delayed]
[finbiz-nextjs.netlify.app/assets/images/bg/bg-image-5.c5.delayed]
[finbiz-nextjs.netlify.app/assets/images/bg/bg-image-6.c6.delayed]
[finbiz-nextjs.netlify.app/assets/images/bg/bg-image-7.c7.delayed]
[finbiz-nextjs.netlify.app/assets/images/bg/bg-image-8.c8.delayed]
[finbiz-nextjs.netlify.app/assets/images/bg/bg-image-9.c9.delayed]
[finbiz-nextjs.netlify.app/assets/images/bg/bg-image-10.ca.delayed]
[finbiz-nextjs.netlify.app/assets/images/bg/bg-image-11.cb.delayed]
[finbiz-nextjs.netlify.app/assets/images/bg/bg-image-12.cc.delayed]
[finbiz-nextjs.netlify.app/assets/images/bg/bg-image-13.cd.delayed]
[finbiz-nextjs.netlify.app/assets/images/bg/bg-image-14.ce.delayed]
[finbiz-nextjs.netlify.app/assets/images/bg/bg-image-15.cf.delayed]
[finbiz-nextjs.netlify.app/assets/images/bg/bg-image-16.d0.delayed]
[finbiz-nextjs.netlify.app/assets/images/bg/bg-image-17.d1.delayed]
[finbiz-nextjs.netlify.app/assets/images/bg/bg-image-18.d2.delayed]
[finbiz-nextjs.netlify.app/assets/images/bg/bg-image-19.d3.delayed]
[finbiz-nextjs.netlify.app/assets/images/bg/bg-image-20.d4.delayed]
[finbiz-nextjs.netlify.app/_next/static/media/02.dfd4e667.png]
[finbiz-nextjs.netlify.app/_next/static/media/03.f092b379.png]
[finbiz-nextjs.netlify.app/_next/static/media/close.1601607b.png]
[finbiz-nextjs.netlify.app/_next/static/media/01.2f54ad71.jpg]
[finbiz-nextjs.netlify.app/_next/static/media/banner-01.c3e0a072.jpg]
[finbiz-nextjs.netlify.app/_next/static/media/banner-02.9f598815.jpg]
[finbiz-nextjs.netlify.app/_next/static/media/banner-03.aef20e64.jpg]
[finbiz-nextjs.netlify.app/assets/images/banner/shape/shape.webp]
[finbiz-nextjs.netlify.app/assets/images/banner/img.jpg]
[finbiz-nextjs.netlify.app/_next/static/media/bg.81b04a2d.png]
[finbiz-nextjs.netlify.app/_next/static/media/banner-bg5.0028e1d5.jpg]
[finbiz-nextjs.netlify.app/_next/static/media/banner-04.a3168021.jpg]
[finbiz-nextjs.netlify.app/_next/static/media/banner-08.d20caf5c.jpg]
[finbiz-nextjs.netlify.app/_next/static/media/banner-09.04aea613.jpg]
[finbiz-nextjs.netlify.app/_next/static/media/it-3.f22c9a22.webp]
[finbiz-nextjs.netlify.app/_next/static/media/it-1.083d256d.webp]
[finbiz-nextjs.netlify.app/_next/static/media/it-2.b0f0a411.webp]
[finbiz-nextjs.netlify.app/_next/static/media/banner-05.cd44fbdb.png]
[finbiz-nextjs.netlify.app/_next/static/media/banner-06.3b36ecee.png]
[finbiz-nextjs.netlify.app/_next/static/media/banner-07.cced5f94.png]
[finbiz-nextjs.netlify.app/_next/static/media/04.a319d53a.png]
[finbiz-nextjs.netlify.app/_next/static/media/banner-11.5f7f83c9.png]
[finbiz-nextjs.netlify.app/_next/static/media/banner-10.cf9d0247.jpg]
[finbiz-nextjs.netlify.app/_next/static/media/bg-shape-1.ba947316.png]
[finbiz-nextjs.netlify.app/_next/static/media/bg-shape-2.8cfbc4d6.png]
[finbiz-nextjs.netlify.app/_next/static/media/03.6509229c.jpg]
[finbiz-nextjs.netlify.app/_next/static/media/04.9ff170c5.jpg]
[finbiz-nextjs.netlify.app/_next/static/media/banner-11.921467f8.jpg]
[finbiz-nextjs.netlify.app/_next/static/media/banner-12.9213486b.jpg]
[finbiz-nextjs.netlify.app/_next/static/media/banner-14.fd1b9374.jpg]
[finbiz-nextjs.netlify.app/_next/static/media/13.2af4ac43.png]
[finbiz-nextjs.netlify.app/_next/static/media/01.690e3f3d.png]
[finbiz-nextjs.netlify.app/_next/static/media/02.3e8fb479.png]
[finbiz-nextjs.netlify.app/_next/static/media/bg-01.3e745f28.jpg]
[finbiz-nextjs.netlify.app/_next/static/media/03.253fc735.png]
[finbiz-nextjs.netlify.app/_next/static/media/04.6cfa6b6d.png]
[finbiz-nextjs.netlify.app/_next/static/media/bg-01.94c67e25.jpg]
[finbiz-nextjs.netlify.app/_next/static/media/bg-04.dedebd57.jpg]
[finbiz-nextjs.netlify.app/_next/static/media/bg-02.8f7ea361.jpg]
[finbiz-nextjs.netlify.app/_next/static/media/bg-03.b2054d61.jpg]
[finbiz-nextjs.netlify.app/_next/static/media/dot.6a63797b.png]
[finbiz-nextjs.netlify.app/_next/static/media/17.905fb480.png]
[finbiz-nextjs.netlify.app/_next/static/media/21.dd7d1aa6.jpg]
[finbiz-nextjs.netlify.app/_next/static/media/01.b32ac2ac.jpg]
[finbiz-nextjs.netlify.app/_next/static/media/03.4763e56d.jpg]
[finbiz-nextjs.netlify.app/_next/static/media/02.4c1f5212.jpg]
[finbiz-nextjs.netlify.app/_next/static/media/bg-01.0bdc856b.jpg]
[finbiz-nextjs.netlify.app/_next/static/media/05.e4a7428d.jpg]
[finbiz-nextjs.netlify.app/_next/static/media/bg-04.81470fb0.jpg]
[finbiz-nextjs.netlify.app/_next/static/media/bg-02.2e9326d2.jpg]
[finbiz-nextjs.netlify.app/_next/static/media/shape-1.49d5566b.png]
[finbiz-nextjs.netlify.app/_next/static/media/02.1f2d334d.png]
[finbiz-nextjs.netlify.app/_next/static/media/shape-2.1aba0c4a.png]
[finbiz-nextjs.netlify.app/_next/static/media/03.3c143ffb.png]
[finbiz-nextjs.netlify.app/_next/static/media/bg-01.532d61f8.jpg]
[finbiz-nextjs.netlify.app/_next/static/media/gallery-bg-1.fc017bc6.jpg]
[finbiz-nextjs.netlify.app/_next/static/media/shape.4d879f0d.png]
[finbiz-nextjs.netlify.app/_next/static/media/01.cdc27848.svg]
[finbiz-nextjs.netlify.app/_next/static/media/bg-01.ceffbc38.jpg]
[finbiz-nextjs.netlify.app/_next/static/media/01.882b2bde.png]
[finbiz-nextjs.netlify.app/_next/static/media/01.563b5ec6.jpg]
[finbiz-nextjs.netlify.app/_next/static/media/sm-1.5cd1cc6a.jpg]
[finbiz-nextjs.netlify.app/_next/static/media/02.c856e23b.jpg]
[finbiz-nextjs.netlify.app/_next/static/media/06.297ad235.png]
[finbiz-nextjs.netlify.app/_next/static/media/12.640236c6.png]
[finbiz-nextjs.netlify.app/_next/static/media/bg.2d672ad4.jpg]
[finbiz-nextjs.netlify.app/_next/static/media/bg-01.35a3aa13.jpg]
[finbiz-nextjs.netlify.app/_next/static/media/bg-02.df21398b.jpg]
[finbiz-nextjs.netlify.app/_next/static/media/13.917a5ba0.png]
[finbiz-nextjs.netlify.app/_next/static/media/01.60802930.png]
[finbiz-nextjs.netlify.app/_next/static/media/02.ddf253bd.png]
[finbiz-nextjs.netlify.app/_next/static/media/03.ed969bc7.png]
[finbiz-nextjs.netlify.app/_next/static/media/01.5a783fbf.png]
[finbiz-nextjs.netlify.app/_next/static/media/bg-01.8a7b349e.jpg]
[finbiz-nextjs.netlify.app/_next/static/media/02.81f15d2b.png]
[finbiz-nextjs.netlify.app/_next/static/media/bg-02.99b8024c.jpg]
[finbiz-nextjs.netlify.app/_next/static/media/04.22439d41.png]
[finbiz-nextjs.netlify.app/_next/static/media/05.8f650e15.png]
[finbiz-nextjs.netlify.app/_next/static/media/06.c190a5b1.png]
[finbiz-nextjs.netlify.app/_next/static/media/03.7197384b.png]
[finbiz-nextjs.netlify.app/_next/static/media/bg-03.22d5e2fd.jpg]
[finbiz-nextjs.netlify.app/_next/static/media/bg-01.f929e7e9.jpg]
[finbiz-nextjs.netlify.app/_next/static/media/bg-02.a2546f6c.jpg]
[finbiz-nextjs.netlify.app/_next/static/media/bg-1.29c93934.png]
[finbiz-nextjs.netlify.app/_next/static/media/01.5b230ab0.png]
[finbiz-nextjs.netlify.app/_next/static/media/03.ef67fb4e.png]
[finbiz-nextjs.netlify.app/_next/static/media/shape.93445f57.png]
[finbiz-nextjs.netlify.app/_next/static/media/shape-2.67025e4a.png]
[finbiz-nextjs.netlify.app/_next/static/media/bg-01.41b44fb6.jpg]
[finbiz-nextjs.netlify.app/_next/static/media/01.7e8bbe3b.png]
[finbiz-nextjs.netlify.app/_next/static/media/02.25629c1c.png]
[finbiz-nextjs.netlify.app/_next/static/media/bg-01.b3c47a81.jpg]
[finbiz-nextjs.netlify.app/_next/static/media/bg-02.f6d07443.jpg]
[finbiz-nextjs.netlify.app/_next/static/media/bg-03.833dc249.jpg]
[finbiz-nextjs.netlify.app/_next/static/media/01.abd12dda.png]
[finbiz-nextjs.netlify.app/_next/static/media/callto-action.837b1113.png]
[finbiz-nextjs.netlify.app/_next/static/media/footer-bg-2.3b199ca2.jpg]
[finbiz-nextjs.netlify.app/_next/static/media/footer-bg-3.fdfadc17.png]
[finbiz-nextjs.netlify.app/_next/static/css/88d35cb6dcd720fb.css]
[finbiz-nextjs.netlify.app/_next/static/css/42e27f7b44c03b3d.css]
[finbiz-nextjs.netlify.app/assets/images/about/call.svg]
[finbiz-nextjs.netlify.app/assets/images/service/icon/01.svg]
[finbiz-nextjs.netlify.app/assets/images/service/icon/02.svg]
[finbiz-nextjs.netlify.app/assets/images/service/icon/03.svg]
[finbiz-nextjs.netlify.app/assets/images/service/icon/04.svg]
[finbiz-nextjs.netlify.app/assets/images/service/icon/05.svg]
[finbiz-nextjs.netlify.app/assets/images/service/icon/06.svg]
[finbiz-nextjs.netlify.app/assets/images/business-goal/icon/01.svg]
[finbiz-nextjs.netlify.app/assets/images/business-goal/icon/02.svg]
[finbiz-nextjs.netlify.app/assets/images/counterup/icon/01.svg]
[finbiz-nextjs.netlify.app/assets/images/counterup/icon/02.svg]
[finbiz-nextjs.netlify.app/assets/images/counterup/icon/03.svg]
[finbiz-nextjs.netlify.app/assets/images/counterup/icon/04.svg]
[finbiz-nextjs.netlify.app/assets/images/gallery/icon/01.svg]
[finbiz-nextjs.netlify.app/assets/images/about/main/about-03.jpg]
[finbiz-nextjs.netlify.app/assets/images/about/main/about-04.jpg]
[finbiz-nextjs.netlify.app/assets/images/service/07.jpg]
[finbiz-nextjs.netlify.app/assets/images/service/icon/13.svg]
[finbiz-nextjs.netlify.app/_next/static/chunks/7538-8a8878e7e23952d8.js]
[finbiz-nextjs.netlify.app/_next/static/chunks/7451-928435fdaef422cc.js]
[finbiz-nextjs.netlify.app/_next/static/chunks/app/(inner-page)/about-us/page-9063c62c8423e479.js]
[finbiz-nextjs.netlify.app/assets/images/service/08.jpg]
[finbiz-nextjs.netlify.app/assets/images/service/icon/14.svg]
[finbiz-nextjs.netlify.app/assets/images/service/09.jpg]
[finbiz-nextjs.netlify.app/assets/images/service/icon/15.svg]
[finbiz-nextjs.netlify.app/assets/images/team/tm/lg-01.jpg]
[finbiz-nextjs.netlify.app/assets/images/team/tm/lg-02.jpg]
[finbiz-nextjs.netlify.app/assets/images/team/tm/lg-03.jpg]
[finbiz-nextjs.netlify.app/assets/images/faq/02.png]
[finbiz-nextjs.netlify.app/assets/images/testimonials/03.png]
[finbiz-nextjs.netlify.app/service-details.149.delayed]
[finbiz-nextjs.netlify.app/about-us.html]
[finbiz-nextjs.netlify.app/assets/images/blog/blog-lg-1.jpg]
[finbiz-nextjs.netlify.app/assets/images/blog/blog-lg-2.jpg]
[finbiz-nextjs.netlify.app/assets/images/blog/blog-lg-3.jpg]
[finbiz-nextjs.netlify.app/assets/images/blog/blog-lg-4.jpg]
[finbiz-nextjs.netlify.app/_next/static/chunks/app/(inner-page)/blog-list/page-71810a610e929f1c.js]
[finbiz-nextjs.netlify.app/assets/images/blog/details/recent-post/01.png]
[finbiz-nextjs.netlify.app/assets/images/blog/details/recent-post/02.png]
[finbiz-nextjs.netlify.app/assets/images/blog/details/recent-post/03.png]
[finbiz-nextjs.netlify.app/assets/images/blog/details/recent-post/04.png]
[finbiz-nextjs.netlify.app/assets/images/blog/details/gallery/01.png]
[finbiz-nextjs.netlify.app/assets/images/blog/details/gallery/02.png]
[finbiz-nextjs.netlify.app/assets/images/blog/details/gallery/03.png]
[finbiz-nextjs.netlify.app/assets/images/blog/details/gallery/04.png]
[finbiz-nextjs.netlify.app/assets/images/blog/details/gallery/05.png]
[finbiz-nextjs.netlify.app/assets/images/blog/details/gallery/06.png]
[finbiz-nextjs.netlify.app/assets/images/logo/logo-2.svg]
[finbiz-nextjs.netlify.app/blog-list/Profitable business makes your profi.html]
[finbiz-nextjs.netlify.app/blog-list/Details Profitable business makes your profit.html]
[finbiz-nextjs.netlify.app/blog-list/One Profitable business makes your profit.html]
[finbiz-nextjs.netlify.app/blog-list/Me-Profitable-business-makes-your-profit.html]
[finbiz-nextjs.netlify.app/contactus.15e.delayed]
[finbiz-nextjs.netlify.app/blog-list.html]
[finbiz-nextjs.netlify.app/assets/images/contact/01.png]
[finbiz-nextjs.netlify.app/assets/images/contact/shape/01.svg]
[finbiz-nextjs.netlify.app/assets/images/contact/02.png]
[finbiz-nextjs.netlify.app/assets/images/contact/shape/02.svg]
[finbiz-nextjs.netlify.app/_next/static/chunks/app/(inner-page)/contactus/page-8a800d101315c84e.js]
[finbiz-nextjs.netlify.app/assets/images/contact/03.png]
[finbiz-nextjs.netlify.app/assets/images/contact/shape/03.svg]
[finbiz-nextjs.netlify.app/contactus.html]
[finbiz-nextjs.netlify.app/index.html]
[finbiz-nextjs.netlify.app/assets/images/contact/shape/location.svg]
[finbiz-nextjs.netlify.app/assets/images/service/10.jpg]
[finbiz-nextjs.netlify.app/assets/images/service/11.jpg]
[finbiz-nextjs.netlify.app/assets/images/service/12.jpg]
[finbiz-nextjs.netlify.app/_next/static/chunks/6605-7aeab7725a974923.js]
[finbiz-nextjs.netlify.app/_next/static/chunks/1960-09b8ed4cc760c124.js]
[finbiz-nextjs.netlify.app/_next/static/chunks/3736-3d19de34a1851541.js]
[finbiz-nextjs.netlify.app/_next/static/chunks/app/(home-pages)/home-two/page-d51609765d583352.js]
[finbiz-nextjs.netlify.app/assets/images/service/13.jpg]
[finbiz-nextjs.netlify.app/assets/images/about/01.png]
[finbiz-nextjs.netlify.app/assets/images/working-step/icon/01.svg]
[finbiz-nextjs.netlify.app/assets/images/working-step/icon/02.svg]
[finbiz-nextjs.netlify.app/assets/images/working-step/icon/03.svg]
[finbiz-nextjs.netlify.app/assets/images/working-step/icon/04.svg]
[finbiz-nextjs.netlify.app/assets/images/service/h2/03.jpg]
[finbiz-nextjs.netlify.app/assets/images/service/h2/02.jpg]
[finbiz-nextjs.netlify.app/assets/images/service/h2/01.jpg]
[finbiz-nextjs.netlify.app/assets/images/business-goal/team.png]
[finbiz-nextjs.netlify.app/assets/images/business-case/04.jpg]
[finbiz-nextjs.netlify.app/assets/images/business-case/05.jpg]
[finbiz-nextjs.netlify.app/assets/images/business-case/06.jpg]
[finbiz-nextjs.netlify.app/assets/images/testimonials/icon/logo-01.png]
[finbiz-nextjs.netlify.app/assets/images/testimonials/icon/logo-02.png]
[finbiz-nextjs.netlify.app/assets/images/testimonials/04.png]
[finbiz-nextjs.netlify.app/assets/images/testimonials/icon/logo-03.png]
[finbiz-nextjs.netlify.app/assets/images/blog/09.jpg]
[finbiz-nextjs.netlify.app/assets/images/blog/08.jpg]
[finbiz-nextjs.netlify.app/assets/images/footer/under-title-2.png]
[finbiz-nextjs.netlify.app/blog-list/22.html]
[finbiz-nextjs.netlify.app/blog/22.183.delayed]
[finbiz-nextjs.netlify.app/blog-list/23.html]
[finbiz-nextjs.netlify.app/blog/23.185.delayed]
[finbiz-nextjs.netlify.app/blog-list.186.delayed]
[finbiz-nextjs.netlify.app/home-two.html]
[finbiz-nextjs.netlify.app/assets/images/about/main/05.jpg]
[finbiz-nextjs.netlify.app/assets/images/about/main/about-01-sm.jpg]
[finbiz-nextjs.netlify.app/assets/images/about/shape/play-btn.png]
[finbiz-nextjs.netlify.app/_next/static/chunks/4513-af888f5c3b54e31b.js]
[finbiz-nextjs.netlify.app/_next/static/chunks/app/(home-pages)/home-three/page-eb79cbed9617951b.js]
[finbiz-nextjs.netlify.app/assets/images/about/main/user/01.png]
[finbiz-nextjs.netlify.app/assets/images/about/main/user/02.png]
[finbiz-nextjs.netlify.app/assets/images/about/main/user/03.png]
[finbiz-nextjs.netlify.app/assets/images/service/icon/16.svg]
[finbiz-nextjs.netlify.app/assets/images/service/icon/17.svg]
[finbiz-nextjs.netlify.app/assets/images/service/icon/18.svg]
[finbiz-nextjs.netlify.app/assets/images/business-goal/01.png]
[finbiz-nextjs.netlify.app/assets/images/business-goal/icon/01.png]
[finbiz-nextjs.netlify.app/assets/images/business-goal/icon/02.png]
[finbiz-nextjs.netlify.app/assets/images/business-case/01.jpg]
[finbiz-nextjs.netlify.app/assets/images/business-case/02.jpg]
[finbiz-nextjs.netlify.app/assets/images/business-case/03.jpg]
[finbiz-nextjs.netlify.app/assets/images/counterup/icon/05.svg]
[finbiz-nextjs.netlify.app/assets/images/counterup/icon/08.svg]
[finbiz-nextjs.netlify.app/assets/images/counterup/icon/07.svg]
[finbiz-nextjs.netlify.app/assets/images/product/icon/01.jpg]
[finbiz-nextjs.netlify.app/assets/images/product/icon/02.jpg]
[finbiz-nextjs.netlify.app/assets/images/blog/05.jpg]
[finbiz-nextjs.netlify.app/assets/images/blog/06.jpg]
[finbiz-nextjs.netlify.app/assets/images/blog/07.jpg]
[finbiz-nextjs.netlify.app/assets/images/footer/three-gallery/01.png]
[finbiz-nextjs.netlify.app/assets/images/footer/three-gallery/02.png]
[finbiz-nextjs.netlify.app/assets/images/footer/three-gallery/03.png]
[finbiz-nextjs.netlify.app/assets/images/footer/three-gallery/04.png]
[finbiz-nextjs.netlify.app/assets/images/footer/three-gallery/05.png]
[finbiz-nextjs.netlify.app/assets/images/footer/three-gallery/06.png]
[finbiz-nextjs.netlify.app/home-three.html]
[finbiz-nextjs.netlify.app/assets/images/banner/shape/rectangle.png]
[finbiz-nextjs.netlify.app/assets/images/banner/shape/05.png]
[finbiz-nextjs.netlify.app/assets/images/banner/shape/06.png]
[finbiz-nextjs.netlify.app/_next/static/chunks/8389-58f494cf4d7a13c2.js]
[finbiz-nextjs.netlify.app/_next/static/chunks/app/(home-pages)/home-four/page-576eb89152e93d67.js]
[finbiz-nextjs.netlify.app/assets/images/banner/shape/07.png]
[finbiz-nextjs.netlify.app/assets/images/banner/shape/08.png]
[finbiz-nextjs.netlify.app/assets/images/service/14.jpg]
[finbiz-nextjs.netlify.app/assets/images/service/15.jpg]
[finbiz-nextjs.netlify.app/assets/images/service/16.jpg]
[finbiz-nextjs.netlify.app/assets/images/business-goal/02.jpg]
[finbiz-nextjs.netlify.app/assets/images/business-goal/icon/03.svg]
[finbiz-nextjs.netlify.app/assets/images/business-goal/icon/04.svg]
[finbiz-nextjs.netlify.app/assets/images/working-step/icon/05.svg]
[finbiz-nextjs.netlify.app/assets/images/working-step/icon/06.svg]
[finbiz-nextjs.netlify.app/assets/images/working-step/icon/07.svg]
[finbiz-nextjs.netlify.app/assets/images/working-step/icon/08.svg]
[finbiz-nextjs.netlify.app/assets/images/contact/02.jpg]
[finbiz-nextjs.netlify.app/assets/images/blog/10.jpg]
[finbiz-nextjs.netlify.app/assets/images/blog/11.jpg]
[finbiz-nextjs.netlify.app/assets/images/blog/12.jpg]
[finbiz-nextjs.netlify.app/assets/images/logo/logo-5.1.svg]
[finbiz-nextjs.netlify.app/contact.1bc.delayed]
[finbiz-nextjs.netlify.app/blog-list/24.html]
[finbiz-nextjs.netlify.app/blog-list/25.html]
[finbiz-nextjs.netlify.app/blog-list/26.html]
[finbiz-nextjs.netlify.app/index.1c0.delayed]
[finbiz-nextjs.netlify.app/home-four.html]
[finbiz-nextjs.netlify.app/assets/images/service/icon/service-logo1.svg]
[finbiz-nextjs.netlify.app/assets/images/service/icon/service-logo2.svg]
[finbiz-nextjs.netlify.app/assets/images/service/icon/service-logo3.svg]
[finbiz-nextjs.netlify.app/_next/static/chunks/774-7c5809b908c55db0.js]
[finbiz-nextjs.netlify.app/_next/static/chunks/3721-39676453d3874748.js]
[finbiz-nextjs.netlify.app/_next/static/chunks/app/(home-pages)/home-five/page-b12f0ffe773383dc.js]
[finbiz-nextjs.netlify.app/assets/images/business-goal/03.jpg]
[finbiz-nextjs.netlify.app/assets/images/business-goal/icon/setting.png]
[finbiz-nextjs.netlify.app/assets/images/business-goal/icon/bag.png]
[finbiz-nextjs.netlify.app/assets/images/business-goal/characters.png]
[finbiz-nextjs.netlify.app/assets/images/business-goal/icon/line.png]
[finbiz-nextjs.netlify.app/assets/images/counterup/icon/09.svg]
[finbiz-nextjs.netlify.app/assets/images/counterup/icon/10.svg]
[finbiz-nextjs.netlify.app/assets/images/counterup/icon/11.svg]
[finbiz-nextjs.netlify.app/assets/images/counterup/icon/12.svg]
[finbiz-nextjs.netlify.app/assets/images/business-case/07.jpg]
[finbiz-nextjs.netlify.app/assets/images/testimonials/07.png]
[finbiz-nextjs.netlify.app/assets/images/blog/13.jpg]
[finbiz-nextjs.netlify.app/home-five.html]
[finbiz-nextjs.netlify.app/assets/images/banner/shape/shape-h6.png]
[finbiz-nextjs.netlify.app/assets/images/service/icon/19.svg]
[finbiz-nextjs.netlify.app/assets/images/service/icon/20.svg]
[finbiz-nextjs.netlify.app/_next/static/chunks/2551-535de8a0a235baf0.js]
[finbiz-nextjs.netlify.app/_next/static/chunks/3847-c7b43ba052a1d802.js]
[finbiz-nextjs.netlify.app/_next/static/chunks/app/(home-pages)/home-six/page-04ec90a345d12f6f.js]
[finbiz-nextjs.netlify.app/assets/images/service/icon/21.svg]
[finbiz-nextjs.netlify.app/assets/images/about/main/06.jpg]
[finbiz-nextjs.netlify.app/assets/images/about/main/about-02-sm.jpg]
[finbiz-nextjs.netlify.app/assets/images/about/main/icon/01.svg]
[finbiz-nextjs.netlify.app/assets/images/about/main/icon/02.svg]
[finbiz-nextjs.netlify.app/assets/images/about/main/icon/03.svg]
[finbiz-nextjs.netlify.app/assets/images/team/tm/14.jpg]
[finbiz-nextjs.netlify.app/assets/images/team/tm/15.jpg]
[finbiz-nextjs.netlify.app/assets/images/team/tm/16.jpg]
[finbiz-nextjs.netlify.app/assets/images/team/tm/17.jpg]
[finbiz-nextjs.netlify.app/assets/images/business-goal/04.jpg]
[finbiz-nextjs.netlify.app/assets/images/working-step/icon/09.svg]
[finbiz-nextjs.netlify.app/assets/images/working-step/icon/10.svg]
[finbiz-nextjs.netlify.app/assets/images/working-step/icon/11.svg]
[finbiz-nextjs.netlify.app/assets/images/working-step/icon/12.svg]
[finbiz-nextjs.netlify.app/project-details.1e8.delayed]
[finbiz-nextjs.netlify.app/home-six.html]
[finbiz-nextjs.netlify.app/blog-details.html]
[finbiz-nextjs.netlify.app/assets/images/banner/shape/h7-banner.png]
[finbiz-nextjs.netlify.app/assets/images/service/icon/shape-1.png]
[finbiz-nextjs.netlify.app/assets/images/banner/shape/pre-title.png]
[finbiz-nextjs.netlify.app/_next/static/chunks/3273-8bd326f20110a074.js]
[finbiz-nextjs.netlify.app/_next/static/chunks/app/(home-pages)/home-seven/page-a406fc57fd2254d7.js]
[finbiz-nextjs.netlify.app/assets/images/service/icon/22.svg]
[finbiz-nextjs.netlify.app/assets/images/service/icon/23.svg]
[finbiz-nextjs.netlify.app/assets/images/service/icon/24.svg]
[finbiz-nextjs.netlify.app/assets/images/about/main/user/04.png]
[finbiz-nextjs.netlify.app/assets/images/about/main/user/05.png]
[finbiz-nextjs.netlify.app/assets/images/about/02.png]
[finbiz-nextjs.netlify.app/assets/images/testimonials/icon/logo-04.png]
[finbiz-nextjs.netlify.app/assets/images/gallery/01.jpg]
[finbiz-nextjs.netlify.app/assets/images/gallery/bg-vedio.png]
[finbiz-nextjs.netlify.app/assets/images/team/bg-02.png]
[finbiz-nextjs.netlify.app/assets/images/team/tm/14.png]
[finbiz-nextjs.netlify.app/assets/images/team/tm/15.png]
[finbiz-nextjs.netlify.app/assets/images/team/tm/16.png]
[finbiz-nextjs.netlify.app/assets/images/team/tm/17.png]
[finbiz-nextjs.netlify.app/assets/images/testimonials/08.png]
[finbiz-nextjs.netlify.app/assets/images/business-goal/icon/box.png]
[finbiz-nextjs.netlify.app/assets/images/business-goal/05.png]
[finbiz-nextjs.netlify.app/assets/images/business-goal/icon/05.svg]
[finbiz-nextjs.netlify.app/assets/images/blog/14.png]
[finbiz-nextjs.netlify.app/assets/images/blog/15.png]
[finbiz-nextjs.netlify.app/blog-list/27.html]
[finbiz-nextjs.netlify.app/blog-list/28.html]
[finbiz-nextjs.netlify.app/home-seven.html]
[finbiz-nextjs.netlify.app/blog-list/29.html]
[finbiz-nextjs.netlify.app/assets/images/logo/logo.webp]
[finbiz-nextjs.netlify.app/_next/static/chunks/8972-461e764288d6b333.js]
[finbiz-nextjs.netlify.app/_next/static/chunks/app/(home-pages)/home-eight/page-b7bc35d21db870c2.js]
[finbiz-nextjs.netlify.app/assets/images/working-step/icon/target.svg]
[finbiz-nextjs.netlify.app/assets/images/working-step/icon/user.svg]
[finbiz-nextjs.netlify.app/assets/images/working-step/icon/save.svg]
[finbiz-nextjs.netlify.app/assets/images/working-step/icon/goal.svg]
[finbiz-nextjs.netlify.app/assets/images/service/icon/service-logo11.svg]
[finbiz-nextjs.netlify.app/assets/images/service/icon/service-logo4.svg]
[finbiz-nextjs.netlify.app/assets/images/service/icon/service-logo5.svg]
[finbiz-nextjs.netlify.app/assets/images/service/icon/service-logo6.svg]
[finbiz-nextjs.netlify.app/assets/images/service/icon/service-logo22.svg]
[finbiz-nextjs.netlify.app/assets/images/service/icon/service-logo33.svg]
[finbiz-nextjs.netlify.app/assets/images/faq/info.webp]
[finbiz-nextjs.netlify.app/price-plan.214.delayed]
[finbiz-nextjs.netlify.app/blog-list/30.html]
[finbiz-nextjs.netlify.app/blog-list/31.html]
[finbiz-nextjs.netlify.app/home-eight.html]
[finbiz-nextjs.netlify.app/blog-list/32.html]
[finbiz-nextjs.netlify.app/assets/images/logo/logo-6.svg]
[finbiz-nextjs.netlify.app/assets/images/banner/banner-12.png]
[finbiz-nextjs.netlify.app/assets/images/banner/banner-13.png]
[finbiz-nextjs.netlify.app/assets/images/about/03.png]
[finbiz-nextjs.netlify.app/_next/static/chunks/5876-7ddb7f15ec4a6341.js]
[finbiz-nextjs.netlify.app/_next/static/chunks/app/(home-pages)/home-nine/page-dfc4ef30b6087fdf.js]
[finbiz-nextjs.netlify.app/assets/images/product/11.png]
[finbiz-nextjs.netlify.app/assets/images/testimonials/09.jpg]
[finbiz-nextjs.netlify.app/assets/images/testimonials/10.png]
[finbiz-nextjs.netlify.app/assets/images/testimonials/11.png]
[finbiz-nextjs.netlify.app/home-nine.html]
[finbiz-nextjs.netlify.app/assets/images/banner/banner-14.png]
[finbiz-nextjs.netlify.app/assets/images/banner/sm-1.png]
[finbiz-nextjs.netlify.app/assets/images/banner/sm-2.png]
[finbiz-nextjs.netlify.app/_next/static/chunks/5145-8b183a11e1227d06.js]
[finbiz-nextjs.netlify.app/_next/static/chunks/app/(home-pages)/home-ten/page-d746e705d2ad6ae9.js]
[finbiz-nextjs.netlify.app/assets/images/about/04.png]
[finbiz-nextjs.netlify.app/assets/images/blog/17.png]
[finbiz-nextjs.netlify.app/assets/images/blog/18.png]
[finbiz-nextjs.netlify.app/assets/images/blog/19.png]
[finbiz-nextjs.netlify.app/assets/images/blog/20.png]
[finbiz-nextjs.netlify.app/home-ten.html]
[finbiz-nextjs.netlify.app/_next/static/chunks/817-2b88f86463a9d5a3.js]
[finbiz-nextjs.netlify.app/_next/static/chunks/4802-0b8268771d4f6e8f.js]
[finbiz-nextjs.netlify.app/onepage-one.html]
[finbiz-nextjs.netlify.app/_next/static/chunks/app/(one-pages)/onepage-one/page-2df8fd0c2aa7beca.js]
[finbiz-nextjs.netlify.app/onepage-two.html]
[finbiz-nextjs.netlify.app/_next/static/chunks/app/(one-pages)/onepage-two/page-374deb71758c0a06.js]
[finbiz-nextjs.netlify.app/onepage-three.html]
[finbiz-nextjs.netlify.app/_next/static/chunks/app/(one-pages)/onepage-three/page-c01ecc6b9d9e1700.js]
[finbiz-nextjs.netlify.app/onepage-four.html]
[finbiz-nextjs.netlify.app/_next/static/chunks/app/(one-pages)/onepage-four/page-38bb945a05892c87.js]
[finbiz-nextjs.netlify.app/onepage-five.html]
[finbiz-nextjs.netlify.app/_next/static/chunks/app/(one-pages)/onepage-five/page-38e4ce8a794db97d.js]
[finbiz-nextjs.netlify.app/onepage-six.html]
[finbiz-nextjs.netlify.app/_next/static/chunks/app/(one-pages)/onepage-six/page-50c1439402c91de4.js]
[finbiz-nextjs.netlify.app/onepage-seven.html]
[finbiz-nextjs.netlify.app/_next/static/chunks/app/(one-pages)/onepage-seven/page-124705b1976bbac8.js]
[finbiz-nextjs.netlify.app/onepage-eight.html]
[finbiz-nextjs.netlify.app/_next/static/chunks/app/(one-pages)/onepage-eight/page-2a67dc312915e397.js]
[finbiz-nextjs.netlify.app/onepage-nine.html]
[finbiz-nextjs.netlify.app/_next/static/chunks/app/(one-pages)/onepage-nine/page-86682a84373781f8.js]
[finbiz-nextjs.netlify.app/onepage-ten.html]
[finbiz-nextjs.netlify.app/_next/static/chunks/app/(one-pages)/onepage-ten/page-ad32dda88f1eebd5.js]
[finbiz-nextjs.netlify.app/_next/static/chunks/3620-fec2e24bc36d8bd6.js]
[finbiz-nextjs.netlify.app/our-service.html]
[finbiz-nextjs.netlify.app/_next/static/chunks/app/(inner-page)/our-service/page-9f1cbf950623a7a1.js]
[finbiz-nextjs.netlify.app/_next/static/chunks/app/(inner-page)/service-2/page-fc92cc7d6a1a675f.js]
[finbiz-nextjs.netlify.app/service-2.html]
[finbiz-nextjs.netlify.app/_next/static/chunks/5362-850abb932c595a8f.js]
[finbiz-nextjs.netlify.app/_next/static/chunks/app/(inner-page)/service-3/page-c381f34ec2fdc97a.js]
[finbiz-nextjs.netlify.app/service-3.html]
[finbiz-nextjs.netlify.app/assets/images/service/01.jpg]
[finbiz-nextjs.netlify.app/assets/images/service/icon/09.svg]
[finbiz-nextjs.netlify.app/assets/images/service/icon/10.svg]
[finbiz-nextjs.netlify.app/assets/images/service/icon/11.svg]
[finbiz-nextjs.netlify.app/_next/static/chunks/app/(inner-page)/service-details/page-0571baa1c3e4a107.js]
[finbiz-nextjs.netlify.app/assets/images/service/icon/12.svg]
[finbiz-nextjs.netlify.app/assets/images/service/sm-01.jpg]
[finbiz-nextjs.netlify.app/assets/images/service/icon/07.svg]
[finbiz-nextjs.netlify.app/service-details.html]
[finbiz-nextjs.netlify.app/assets/images/appoinment/02.png]
[finbiz-nextjs.netlify.app/appoinment.html]
[finbiz-nextjs.netlify.app/_next/static/chunks/app/(inner-page)/appoinment/page-d9e02d2d96bfe5c0.js]
[finbiz-nextjs.netlify.app/pricing-plane.html]
[finbiz-nextjs.netlify.app/_next/static/chunks/app/(inner-page)/pricing-plane/page-728ff58878c12666.js]
[finbiz-nextjs.netlify.app/testimonial-style-1.html]
[finbiz-nextjs.netlify.app/404.html]
[finbiz-nextjs.netlify.app/_next/static/chunks/app/(inner-page)/testimonial-style-1/page-9d438f8a7bd0cd98.js]
[finbiz-nextjs.netlify.app/assets/images/product/01.jpg]
[finbiz-nextjs.netlify.app/assets/images/product/02.jpg]
[finbiz-nextjs.netlify.app/assets/images/product/03.jpg]
[finbiz-nextjs.netlify.app/assets/images/product/04.jpg]
[finbiz-nextjs.netlify.app/_next/static/chunks/4254-b07a1649f7690886.js]
[finbiz-nextjs.netlify.app/_next/static/chunks/app/(inner-page)/project/page-b34e701f80e500a9.js]
[finbiz-nextjs.netlify.app/assets/images/product/05.jpg]
[finbiz-nextjs.netlify.app/assets/images/product/06.jpg]
[finbiz-nextjs.netlify.app/project/busines-growth-check.html]
[finbiz-nextjs.netlify.app/project/top-rated-solution.html]
[finbiz-nextjs.netlify.app/project.html]
[finbiz-nextjs.netlify.app/project/more-work-solution.html]
[finbiz-nextjs.netlify.app/_next/static/chunks/app/(inner-page)/portfolio-style-2/page-d41155bac00dcf73.js]
[finbiz-nextjs.netlify.app/project/business-solution-2.html]
[finbiz-nextjs.netlify.app/project/business-growth-check.html]
[finbiz-nextjs.netlify.app/project/digital-business-pat.html]
[finbiz-nextjs.netlify.app/project/business-growth-model.html]
[finbiz-nextjs.netlify.app/project/strategy-growth-check.html]
[finbiz-nextjs.netlify.app/portfolio-style-2.html]
[finbiz-nextjs.netlify.app/project/marketing-solution.html]
[finbiz-nextjs.netlify.app/portfolio-style-3.html]
[finbiz-nextjs.netlify.app/_next/static/chunks/app/(inner-page)/portfolio-style-3/page-d69dbf0649f0bc79.js]
[finbiz-nextjs.netlify.app/portfolio-style-4.html]
[finbiz-nextjs.netlify.app/_next/static/chunks/app/(inner-page)/portfolio-style-4/page-571a7d3cb418dfe4.js]
[finbiz-nextjs.netlify.app/portfolio-style-5.html]
[finbiz-nextjs.netlify.app/_next/static/chunks/app/(inner-page)/portfolio-style-5/page-d41290df2c44a3c9.js]
[finbiz-nextjs.netlify.app/assets/images/product/bg-lg-01.jpg]
[finbiz-nextjs.netlify.app/assets/images/product/d-01.jpg]
[finbiz-nextjs.netlify.app/assets/images/product/d-02.jpg]
[finbiz-nextjs.netlify.app/assets/images/product/d-03.jpg]
[finbiz-nextjs.netlify.app/project-details.html]
[finbiz-nextjs.netlify.app/_next/static/chunks/app/(inner-page)/project-details/page-3e3d8c7425cab967.js]
[finbiz-nextjs.netlify.app/assets/images/team/tm/06.jpg]
[finbiz-nextjs.netlify.app/assets/images/team/tm/07.jpg]
[finbiz-nextjs.netlify.app/assets/images/team/tm/08.jpg]
[finbiz-nextjs.netlify.app/assets/images/team/tm/09.jpg]
[finbiz-nextjs.netlify.app/_next/static/chunks/app/(inner-page)/team/page-b88bf11d7695b64a.js]
[finbiz-nextjs.netlify.app/assets/images/team/tm/10.jpg]
[finbiz-nextjs.netlify.app/assets/images/team/tm/11.jpg]
[finbiz-nextjs.netlify.app/assets/images/team/tm/12.jpg]
[finbiz-nextjs.netlify.app/assets/images/team/tm/13.jpg]
[finbiz-nextjs.netlify.app/team.html]
[finbiz-nextjs.netlify.app/team-style-3.html]
[finbiz-nextjs.netlify.app/_next/static/chunks/app/(inner-page)/team-style-3/page-e3515cd5bbeb3bfa.js]
[finbiz-nextjs.netlify.app/team-style-2]
[finbiz-nextjs.netlify.app/team-style-4.html]
[finbiz-nextjs.netlify.app/_next/static/chunks/app/(inner-page)/team-style-4/page-7314394d22937698.js]
[finbiz-nextjs.netlify.app/team-style-5.html]
[finbiz-nextjs.netlify.app/_next/static/chunks/app/(inner-page)/team-style-5/page-8ad09de60a6e3dbf.js]
[finbiz-nextjs.netlify.app/assets/images/team/tm/team-lg.jpg]
[finbiz-nextjs.netlify.app/team-details.html]
[finbiz-nextjs.netlify.app/_next/static/chunks/app/(inner-page)/team-details/page-e4210c263328849f.js]
[finbiz-nextjs.netlify.app/assets/images/blog/grid/01.jpg]
[finbiz-nextjs.netlify.app/assets/images/blog/grid/02.jpg]
[finbiz-nextjs.netlify.app/assets/images/blog/grid/03.jpg]
[finbiz-nextjs.netlify.app/assets/images/blog/grid/04.jpg]
[finbiz-nextjs.netlify.app/_next/static/chunks/app/(inner-page)/blog-grid/page-2a2c521ae62affe8.js]
[finbiz-nextjs.netlify.app/assets/images/blog/grid/05.jpg]
[finbiz-nextjs.netlify.app/assets/images/blog/grid/06.jpg]
[finbiz-nextjs.netlify.app/assets/images/blog/grid/07.jpg]
[finbiz-nextjs.netlify.app/assets/images/blog/grid/08.jpg]
[finbiz-nextjs.netlify.app/assets/images/blog/grid/09.jpg]
[finbiz-nextjs.netlify.app/assets/images/blog/grid/10.jpg]
[finbiz-nextjs.netlify.app/blog-grid/5.html]
[finbiz-nextjs.netlify.app/blog-grid/6.html]
[finbiz-nextjs.netlify.app/blog-grid/7.html]
[finbiz-nextjs.netlify.app/blog-grid/8.html]
[finbiz-nextjs.netlify.app/blog-grid/9.html]
[finbiz-nextjs.netlify.app/blog-grid/10.html]
[finbiz-nextjs.netlify.app/blog-grid/11.html]
[finbiz-nextjs.netlify.app/blog-grid/12.html]
[finbiz-nextjs.netlify.app/blog-grid/13.html]
[finbiz-nextjs.netlify.app/blog-grid/14.html]
[finbiz-nextjs.netlify.app/blog-grid/15.html]
[finbiz-nextjs.netlify.app/blog-grid.html]
[finbiz-nextjs.netlify.app/blog-grid/16.html]
[finbiz-nextjs.netlify.app/assets/images/blog/details/01.jpg]
[finbiz-nextjs.netlify.app/assets/images/blog/details/02.jpg]
[finbiz-nextjs.netlify.app/assets/images/blog/details/03.jpg]
[finbiz-nextjs.netlify.app/_next/static/chunks/app/(inner-page)/blog-details-default/page-bf35ef14c2890398.js]
[finbiz-nextjs.netlify.app/assets/images/blog/details/author.jpg]
[finbiz-nextjs.netlify.app/blog-details-default.html]
[finbiz-nextjs.netlify.app/team-details-2.html]
[finbiz-nextjs.netlify.app/appoinment-2.html]
[finbiz-nextjs.netlify.app/project/Business-solution.html]
[finbiz-nextjs.netlify.app/project/Invent-Workd.html]
[finbiz-nextjs.netlify.app/project/Modern-Solution-technology.html]
[finbiz-nextjs.netlify.app/_next/static/chunks/app/(inner-page)/project/[slug]/page-e7c307ddb574d99f.js]
[finbiz-nextjs.netlify.app/blog-grid/18.html]
[finbiz-nextjs.netlify.app/blog-grid/19.html]
[finbiz-nextjs.netlify.app/blog-grid/20.html]
[finbiz-nextjs.netlify.app/blog-grid/21.html]
[finbiz-nextjs.netlify.app/_next/static/media/fa-brands-400.84a57a9c.svg]
[finbiz-nextjs.netlify.app/_next/static/chunks/app/(inner-page)/blog-grid/[slug]/page-48e68fc5674edf01.js]
[finbiz-nextjs.netlify.app/_next/static/media/fa-duotone-900.cce78d4b.svg]
[finbiz-nextjs.netlify.app/_next/static/media/fa-light-300.1c6d9dfc.svg]
[finbiz-nextjs.netlify.app/_next/static/media/fa-regular-400.0f57e6a5.svg]
[finbiz-nextjs.netlify.app/_next/static/media/fa-solid-900.6df92e6e.svg]
[finbiz-nextjs.netlify.app/assets/images/bg/bg-image-1.html]
[finbiz-nextjs.netlify.app/assets/images/bg/bg-image-2.html]
[finbiz-nextjs.netlify.app/assets/images/bg/bg-image-3.html]
[finbiz-nextjs.netlify.app/assets/images/bg/bg-image-4.html]
[finbiz-nextjs.netlify.app/assets/images/bg/bg-image-5.html]
[finbiz-nextjs.netlify.app/assets/images/bg/bg-image-6.html]
[finbiz-nextjs.netlify.app/assets/images/bg/bg-image-7.html]
[finbiz-nextjs.netlify.app/assets/images/bg/bg-image-8.html]
[finbiz-nextjs.netlify.app/assets/images/bg/bg-image-9.html]
[finbiz-nextjs.netlify.app/assets/images/bg/bg-image-10.html]
[finbiz-nextjs.netlify.app/assets/images/bg/bg-image-11.html]
[finbiz-nextjs.netlify.app/assets/images/bg/bg-image-12.html]
[finbiz-nextjs.netlify.app/assets/images/bg/bg-image-13.html]
[finbiz-nextjs.netlify.app/assets/images/bg/bg-image-14.html]
[finbiz-nextjs.netlify.app/assets/images/bg/bg-image-15.html]
[finbiz-nextjs.netlify.app/assets/images/bg/bg-image-16.html]
[finbiz-nextjs.netlify.app/assets/images/bg/bg-image-17.html]
[finbiz-nextjs.netlify.app/assets/images/bg/bg-image-18.html]
[finbiz-nextjs.netlify.app/assets/images/bg/bg-image-19.html]
[finbiz-nextjs.netlify.app/assets/images/bg/bg-image-20.html]
[finbiz-nextjs.netlify.app/assets/images/bg/bg-image-21.html]
[finbiz-nextjs.netlify.app/assets/images/bg/bg-image-22.html]
[finbiz-nextjs.netlify.app/assets/images/bg/bg-image-23.html]
[finbiz-nextjs.netlify.app/assets/images/bg/bg-image-24.html]
[finbiz-nextjs.netlify.app/assets/images/bg/bg-image-25.html]
[finbiz-nextjs.netlify.app/assets/images/bg/bg-image-26.html]
[finbiz-nextjs.netlify.app/assets/images/bg/bg-image-27.html]
[finbiz-nextjs.netlify.app/assets/images/bg/bg-image-28.html]
[finbiz-nextjs.netlify.app/assets/images/bg/bg-image-29.html]
[finbiz-nextjs.netlify.app/assets/images/bg/bg-image-30.html]
[finbiz-nextjs.netlify.app/assets/images/bg/bg-image-31.html]
[finbiz-nextjs.netlify.app/assets/images/bg/bg-image-32.html]
[finbiz-nextjs.netlify.app/assets/images/bg/bg-image-33.html]
[finbiz-nextjs.netlify.app/assets/images/bg/bg-image-34.html]
[finbiz-nextjs.netlify.app/assets/images/bg/bg-image-35.html]
[finbiz-nextjs.netlify.app/assets/images/bg/bg-image-36.html]
[finbiz-nextjs.netlify.app/assets/images/bg/bg-image-37.html]
[finbiz-nextjs.netlify.app/assets/images/bg/bg-image-38.html]
[finbiz-nextjs.netlify.app/assets/images/bg/bg-image-39.html]
[finbiz-nextjs.netlify.app/assets/images/bg/bg-image-40.html]
[finbiz-nextjs.netlify.app/assets/images/bg/bg-image-41.html]
[finbiz-nextjs.netlify.app/assets/images/bg/bg-image-42.html]
[finbiz-nextjs.netlify.app/assets/images/bg/bg-image-43.html]
[finbiz-nextjs.netlify.app/assets/images/bg/bg-image-44.html]
[finbiz-nextjs.netlify.app/assets/images/bg/bg-image-45.html]
[finbiz-nextjs.netlify.app/assets/images/bg/bg-image-46.html]
[finbiz-nextjs.netlify.app/assets/images/bg/bg-image-47.html]
[finbiz-nextjs.netlify.app/assets/images/bg/bg-image-48.html]
[finbiz-nextjs.netlify.app/assets/images/bg/bg-image-49.html]
[finbiz-nextjs.netlify.app/assets/images/bg/bg-image-50.html]
[finbiz-nextjs.netlify.app/assets/images/bg/bg-image-51.html]
[finbiz-nextjs.netlify.app/assets/images/bg/bg-image-52.html]
[finbiz-nextjs.netlify.app/assets/images/bg/bg-image-53.html]
[finbiz-nextjs.netlify.app/assets/images/bg/bg-image-54.html]
[finbiz-nextjs.netlify.app/assets/images/bg/bg-image-55.html]
[finbiz-nextjs.netlify.app/assets/images/bg/bg-image-56.html]
[finbiz-nextjs.netlify.app/assets/images/bg/bg-image-57.html]
[finbiz-nextjs.netlify.app/assets/images/bg/bg-image-58.html]
[finbiz-nextjs.netlify.app/assets/images/bg/bg-image-59.html]
[finbiz-nextjs.netlify.app/assets/images/bg/bg-image-60.html]
[finbiz-nextjs.netlify.app/_next/static/media/01.e7d6076e.svg]
[finbiz-nextjs.netlify.app/_next/static/media/01.cdc27848.svg]
[finbiz-nextjs.netlify.app/_next/static/media/01.a458e2c5.svg]
[finbiz-nextjs.netlify.app/assets/images/service/icon/13.svg]
[finbiz-nextjs.netlify.app/assets/images/service/icon/14.svg]
[finbiz-nextjs.netlify.app/assets/images/service/icon/15.svg]
[finbiz-nextjs.netlify.app/service-details-2.html]
[finbiz-nextjs.netlify.app/assets/images/logo/logo-2.svg]
[finbiz-nextjs.netlify.app/_next/static/chunks/app/(inner-page)/blog-list/[slug]/page-6f1f11552771ee82.js]
[finbiz-nextjs.netlify.app/blog-list/Profitable business makes your profi.html]
[finbiz-nextjs.netlify.app/blog-list/Details Profitable business makes your profit.html]
[finbiz-nextjs.netlify.app/blog-list/One Profitable business makes your profit.html]
[finbiz-nextjs.netlify.app/blog-list/Me-Profitable-business-makes-your-profit.html]
[finbiz-nextjs.netlify.app/contactus-2.html]
[finbiz-nextjs.netlify.app/assets/images/contact/shape/01.svg]
[finbiz-nextjs.netlify.app/assets/images/contact/shape/02.svg]
[finbiz-nextjs.netlify.app/assets/images/contact/shape/03.svg]
[finbiz-nextjs.netlify.app/assets/images/contact/shape/location.svg]
[finbiz-nextjs.netlify.app/assets/images/working-step/icon/01.svg]
[finbiz-nextjs.netlify.app/assets/images/working-step/icon/02.svg]
[finbiz-nextjs.netlify.app/assets/images/working-step/icon/03.svg]
[finbiz-nextjs.netlify.app/assets/images/working-step/icon/04.svg]
[finbiz-nextjs.netlify.app/blog-list/22.html]
[finbiz-nextjs.netlify.app/blog/22.html]
[finbiz-nextjs.netlify.app/blog-list/23.html]
[finbiz-nextjs.netlify.app/blog/23.html]
[finbiz-nextjs.netlify.app/blog-list-2.html]
[finbiz-nextjs.netlify.app/assets/images/service/icon/16.svg]
[finbiz-nextjs.netlify.app/assets/images/service/icon/17.svg]
[finbiz-nextjs.netlify.app/assets/images/service/icon/18.svg]
[finbiz-nextjs.netlify.app/assets/images/counterup/icon/05.svg]
[finbiz-nextjs.netlify.app/assets/images/counterup/icon/08.svg]
[finbiz-nextjs.netlify.app/assets/images/counterup/icon/07.svg]
[finbiz-nextjs.netlify.app/assets/images/business-goal/icon/03.svg]
[finbiz-nextjs.netlify.app/assets/images/business-goal/icon/04.svg]
[finbiz-nextjs.netlify.app/assets/images/working-step/icon/05.svg]
[finbiz-nextjs.netlify.app/assets/images/working-step/icon/06.svg]
[finbiz-nextjs.netlify.app/assets/images/working-step/icon/07.svg]
[finbiz-nextjs.netlify.app/assets/images/working-step/icon/08.svg]
[finbiz-nextjs.netlify.app/assets/images/logo/logo-5.1.svg]
[finbiz-nextjs.netlify.app/contact.html]
[finbiz-nextjs.netlify.app/blog-list/24.html]
[finbiz-nextjs.netlify.app/blog-list/25.html]
[finbiz-nextjs.netlify.app/blog-list/26.html]
[finbiz-nextjs.netlify.app/index-2.html]
[finbiz-nextjs.netlify.app/assets/images/service/icon/service-logo1.svg]
[finbiz-nextjs.netlify.app/assets/images/service/icon/service-logo2.svg]
[finbiz-nextjs.netlify.app/assets/images/service/icon/service-logo3.svg]
[finbiz-nextjs.netlify.app/assets/images/counterup/icon/09.svg]
[finbiz-nextjs.netlify.app/assets/images/counterup/icon/10.svg]
[finbiz-nextjs.netlify.app/assets/images/counterup/icon/11.svg]
[finbiz-nextjs.netlify.app/assets/images/counterup/icon/12.svg]
[finbiz-nextjs.netlify.app/assets/images/service/icon/19.svg]
[finbiz-nextjs.netlify.app/assets/images/service/icon/20.svg]
[finbiz-nextjs.netlify.app/assets/images/service/icon/21.svg]
[finbiz-nextjs.netlify.app/assets/images/about/main/icon/01.svg]
[finbiz-nextjs.netlify.app/assets/images/about/main/icon/02.svg]
[finbiz-nextjs.netlify.app/assets/images/about/main/icon/03.svg]
[finbiz-nextjs.netlify.app/assets/images/working-step/icon/09.svg]
[finbiz-nextjs.netlify.app/assets/images/working-step/icon/10.svg]
[finbiz-nextjs.netlify.app/assets/images/working-step/icon/11.svg]
[finbiz-nextjs.netlify.app/assets/images/working-step/icon/12.svg]
[finbiz-nextjs.netlify.app/project-details-2.html]
[finbiz-nextjs.netlify.app/blog-list/contactus.html]
[finbiz-nextjs.netlify.app/blog-details.html]
[finbiz-nextjs.netlify.app/assets/images/service/icon/22.svg]
[finbiz-nextjs.netlify.app/assets/images/service/icon/23.svg]
[finbiz-nextjs.netlify.app/assets/images/service/icon/24.svg]
[finbiz-nextjs.netlify.app/assets/images/business-goal/icon/05.svg]
[finbiz-nextjs.netlify.app/blog-list/27.html]
[finbiz-nextjs.netlify.app/blog-list/28.html]
[finbiz-nextjs.netlify.app/blog-list/29.html]
[finbiz-nextjs.netlify.app/assets/images/working-step/icon/target.svg]
[finbiz-nextjs.netlify.app/assets/images/working-step/icon/user.svg]
[finbiz-nextjs.netlify.app/assets/images/working-step/icon/save.svg]
[finbiz-nextjs.netlify.app/assets/images/working-step/icon/goal.svg]
[finbiz-nextjs.netlify.app/assets/images/service/icon/service-logo11.svg]
[finbiz-nextjs.netlify.app/assets/images/service/icon/service-logo4.svg]
[finbiz-nextjs.netlify.app/assets/images/service/icon/service-logo5.svg]
[finbiz-nextjs.netlify.app/assets/images/service/icon/service-logo6.svg]
[finbiz-nextjs.netlify.app/assets/images/service/icon/service-logo22.svg]
[finbiz-nextjs.netlify.app/assets/images/service/icon/service-logo33.svg]
[finbiz-nextjs.netlify.app/price-plan.html]
[finbiz-nextjs.netlify.app/blog-list/30.html]
[finbiz-nextjs.netlify.app/blog-list/31.html]
[finbiz-nextjs.netlify.app/blog-list/32.html]
[finbiz-nextjs.netlify.app/assets/images/logo/logo-6.svg]
[finbiz-nextjs.netlify.app/assets/images/service/icon/09.svg]
[finbiz-nextjs.netlify.app/assets/images/service/icon/10.svg]
[finbiz-nextjs.netlify.app/assets/images/service/icon/11.svg]
[finbiz-nextjs.netlify.app/assets/images/service/icon/12.svg]
[finbiz-nextjs.netlify.app/assets/images/service/icon/07.svg]
[finbiz-nextjs.netlify.app/assets/images/service/icon/08.svg]
[finbiz-nextjs.netlify.app/project/busines-growth-check.html]
[finbiz-nextjs.netlify.app/project/top-rated-solution.html]
[finbiz-nextjs.netlify.app/project/more-work-solution.html]
[finbiz-nextjs.netlify.app/project/business-solution-2.html]
[finbiz-nextjs.netlify.app/project/business-growth-check.html]
[finbiz-nextjs.netlify.app/project/digital-business-pat.html]
[finbiz-nextjs.netlify.app/project/business-growth-model.html]
[finbiz-nextjs.netlify.app/project/strategy-growth-check.html]
[finbiz-nextjs.netlify.app/project/marketing-solution.html]
[finbiz-nextjs.netlify.app/_next/static/chunks/app/(inner-page)/blog-details/page-769c5c3c30bc9c97.js]
[finbiz-nextjs.netlify.app/team-style-2]
[finbiz-nextjs.netlify.app/blog-grid/5.html]
[finbiz-nextjs.netlify.app/blog-grid/6.html]
[finbiz-nextjs.netlify.app/blog-grid/7.html]
[finbiz-nextjs.netlify.app/blog-grid/8.html]
[finbiz-nextjs.netlify.app/blog-grid/9.html]
[finbiz-nextjs.netlify.app/blog-grid/10.html]
[finbiz-nextjs.netlify.app/blog-grid/11.html]
[finbiz-nextjs.netlify.app/blog-grid/12.html]
[finbiz-nextjs.netlify.app/blog-grid/13.html]
[finbiz-nextjs.netlify.app/blog-grid/14.html]
[finbiz-nextjs.netlify.app/blog-grid/15.html]
[finbiz-nextjs.netlify.app/blog-grid/16.html]
[finbiz-nextjs.netlify.app/blog-list/contactus.html]
[finbiz-nextjs.netlify.app/_next/static/chunks/app/(inner-page)/team-style-2/page-71d57c9dd17e34a2.js]
